#-----------------------------------------------------------
# Vivado v2019.1 (64-bit)
# SW Build 2552052 on Fri May 24 14:49:42 MDT 2019
# IP Build 2548770 on Fri May 24 18:01:18 MDT 2019
# Start of session at: Thu Dec 12 17:37:47 2019
# Process ID: 924
# Current directory: C:/Users/celia/Desktop/Archivo_Celia/ETSIDI/19-20/1cuatri/SED/TRABAJOS/VHDL/CLAVE_SECRETA_v2
# Command line: vivado.exe -gui_launcher_event rodinguilauncherevent11828 C:\Users\celia\Desktop\Archivo_Celia\ETSIDI\19-20\1cuatri\SED\TRABAJOS\VHDL\CLAVE_SECRETA_v2\CLAVE_SECRETA_v2.xpr
# Log file: C:/Users/celia/Desktop/Archivo_Celia/ETSIDI/19-20/1cuatri/SED/TRABAJOS/VHDL/CLAVE_SECRETA_v2/vivado.log
# Journal file: C:/Users/celia/Desktop/Archivo_Celia/ETSIDI/19-20/1cuatri/SED/TRABAJOS/VHDL/CLAVE_SECRETA_v2\vivado.jou
#-----------------------------------------------------------
start_gui
open_project C:/Users/celia/Desktop/Archivo_Celia/ETSIDI/19-20/1cuatri/SED/TRABAJOS/VHDL/CLAVE_SECRETA_v2/CLAVE_SECRETA_v2.xpr
update_compile_order -fileset sources_1
set_property STEPS.WRITE_BITSTREAM.ARGS.BIN_FILE true [get_runs impl_1]
reset_run impl_1
launch_runs impl_1 -jobs 2
wait_on_run impl_1
