#-----------------------------------------------------------
# Vivado v2019.1 (64-bit)
# SW Build 2552052 on Fri May 24 14:49:42 MDT 2019
# IP Build 2548770 on Fri May 24 18:01:18 MDT 2019
# Start of session at: Thu Dec 19 11:26:54 2019
# Process ID: 8244
# Current directory: C:/Users/celia/Desktop/Archivo_Celia/ETSIDI/19-20/1cuatri/SED/TRABAJOS/VHDL/CLAVE_SECRETA_v2
# Command line: vivado.exe -gui_launcher_event rodinguilauncherevent1840 C:\Users\celia\Desktop\Archivo_Celia\ETSIDI\19-20\1cuatri\SED\TRABAJOS\VHDL\CLAVE_SECRETA_v2\CLAVE_SECRETA_v2.xpr
# Log file: C:/Users/celia/Desktop/Archivo_Celia/ETSIDI/19-20/1cuatri/SED/TRABAJOS/VHDL/CLAVE_SECRETA_v2/vivado.log
# Journal file: C:/Users/celia/Desktop/Archivo_Celia/ETSIDI/19-20/1cuatri/SED/TRABAJOS/VHDL/CLAVE_SECRETA_v2\vivado.jou
#-----------------------------------------------------------
start_gui
open_project C:/Users/celia/Desktop/Archivo_Celia/ETSIDI/19-20/1cuatri/SED/TRABAJOS/VHDL/CLAVE_SECRETA_v2/CLAVE_SECRETA_v2.xpr
update_compile_order -fileset sources_1
open_hw
connect_hw_server
open_hw_target
set_property PROGRAM.FILE {C:/Users/celia/Desktop/Archivo_Celia/ETSIDI/19-20/1cuatri/SED/TRABAJOS/VHDL/CLAVE_SECRETA_v2/CLAVE_SECRETA_v2.runs/impl_1/Clave_secret_v2.bit} [get_hw_devices xc7a100t_0]
current_hw_device [get_hw_devices xc7a100t_0]
refresh_hw_device -update_hw_probes false [lindex [get_hw_devices xc7a100t_0] 0]
set_property PROBES.FILE {} [get_hw_devices xc7a100t_0]
set_property FULL_PROBES.FILE {} [get_hw_devices xc7a100t_0]
set_property PROGRAM.FILE {C:/Users/celia/Desktop/Archivo_Celia/ETSIDI/19-20/1cuatri/SED/TRABAJOS/VHDL/CLAVE_SECRETA_v2/CLAVE_SECRETA_v2.runs/impl_1/Clave_secret_v2.bit} [get_hw_devices xc7a100t_0]
program_hw_devices [get_hw_devices xc7a100t_0]
refresh_hw_device [lindex [get_hw_devices xc7a100t_0] 0]
